// Jest Snapshot v1, https://goo.gl/fbAQLP

exports[`AlertTemplate snapshot 1`] = `
<div>
  <div
    class="flex justify-between items-center mb-5 mr-2 rounded-md p-4 z-50 shadow-sm w-96 pointer-events-auto bg-red-50"
  >
    <div
      class="flex-shrink-0"
    >
      <svg
        aria-hidden="true"
        class="h-6 w-6 mr-2 text-red-400"
        fill="currentColor"
        viewBox="0 0 24 24"
        xmlns="http://www.w3.org/2000/svg"
      >
        <path
          clip-rule="evenodd"
          d="M12 2.25c-5.385 0-9.75 4.365-9.75 9.75s4.365 9.75 9.75 9.75 9.75-4.365 9.75-9.75S17.385 2.25 12 2.25zm-1.72 6.97a.75.75 0 10-1.06 1.06L10.94 12l-1.72 1.72a.75.75 0 101.06 1.06L12 13.06l1.72 1.72a.75.75 0 101.06-1.06L13.06 12l1.72-1.72a.75.75 0 10-1.06-1.06L12 10.94l-1.72-1.72z"
          fill-rule="evenodd"
        />
      </svg>
    </div>
    <span
      class="text-sm font-medium uppercase text-red-800"
    >
      This is an error alert
    </span>
    <button
      class="inline-flex cursor-pointer rounded-md p-1.5 focus:outline-none focus:ring-2 focus:ring-offset-2 bg-red-50 text-red-500 hover:bg-red-100 focus:ring-offset-red-50 focus:ring-red-600"
      type="button"
    >
      <span
        class="sr-only"
      >
        Dismiss
      </span>
      <svg
        aria-hidden="true"
        class="h-5 w-5"
        fill="currentColor"
        viewBox="0 0 24 24"
        xmlns="http://www.w3.org/2000/svg"
      >
        <path
          clip-rule="evenodd"
          d="M5.47 5.47a.75.75 0 011.06 0L12 10.94l5.47-5.47a.75.75 0 111.06 1.06L13.06 12l5.47 5.47a.75.75 0 11-1.06 1.06L12 13.06l-5.47 5.47a.75.75 0 01-1.06-1.06L10.94 12 5.47 6.53a.75.75 0 010-1.06z"
          fill-rule="evenodd"
        />
      </svg>
    </button>
  </div>
</div>
`;
